// Jest Snapshot v1, https://goo.gl/fbAQLP

exports[`should render order list Item with a order 1`] = `
<div>
  <Link
    to="/order/edit/1"
  >
    <h2>
      Ashath
      ::: 
      0765822562
       :::
      Rs 1,810.00
    </h2>
  </Link>
  <p>
    January 1st, 1970
  </p>
  <p>
    Mamangam
  </p>
  <p>
    confirmed
  </p>
</div>
`;
