// Jest Snapshot v1, https://goo.gl/fbAQLP

exports[`should render MainDashboardPage 1`] = `
<div>
  <header
    className="header"
  >
    <div
      className="content-container"
    >
      <div
        className="header__title"
      >
        <h1>
          Order Booster
        </h1>
      </div>
      <button
        onClick={[Function]}
      >
        LogOut
      </button>
      <h4>
        Jan 1st, 1970
      </h4>
    </div>
  </header>
  <p>
    <Link
      to="/food"
    >
       Manage Food
    </Link>
  </p>
  <p>
    <Link
      to="/order"
    >
       Manage Order
    </Link>
  </p>
</div>
`;
